#
# There is insufficient memory for the Java Runtime Environment to continue.
# Native memory allocation (mmap) failed to map 268435456 bytes. Error detail: G1 virtual space
# Possible reasons:
#   The system is out of physical RAM or swap space
#   This process is running with CompressedOops enabled, and the Java Heap may be blocking the growth of the native heap
# Possible solutions:
#   Reduce memory load on the system
#   Increase physical memory or swap space
#   Check if swap backing store is full
#   Decrease Java heap size (-Xmx/-Xms)
#   Decrease number of Java threads
#   Decrease Java thread stack sizes (-Xss)
#   Set larger code cache with -XX:ReservedCodeCacheSize=
#   JVM is running with Zero Based Compressed Oops mode in which the Java heap is
#     placed in the first 32GB address space. The Java Heap base address is the
#     maximum limit for the native heap growth. Please use -XX:HeapBaseMinAddress
#     to set the Java Heap base and to place the Java Heap above 32GB virtual address.
# This output file may be truncated or incomplete.
#
#  Out of Memory Error (os_windows.cpp:3766), pid=7184, tid=4580
#
# JRE version:  (25.0.3+1) (build )
# Java VM: OpenJDK 64-Bit Server VM (25.0.3+1-b329.124, mixed mode, sharing, tiered, compressed oops, compressed class ptrs, g1 gc, windows-amd64)
# No core dump will be written. Minidumps are not enabled by default on client versions of Windows
#

---------------  S U M M A R Y ------------

Command Line: git4idea.http.GitAskPassApp Username for 'https://github.com': 

Host: Intel(R) Core(TM) i3-9100F CPU @ 3.60GHz, 4 cores, 15G,  Windows 10 , 64 bit Build 19041 (10.0.19041.292)
Time: Mon Jun 29 13:34:54 2026 elapsed time: 0.104038 seconds (0d 0h 0m 0s)

---------------  T H R E A D  ---------------

Current thread (0x0000011a024bd7f0):  JavaThread "Unknown thread" [_thread_in_vm, id=4580, stack(0x0000000b5aa00000,0x0000000b5ab00000) (1024K)]

Stack: [0x0000000b5aa00000,0x0000000b5ab00000]
Native frames: (J=compiled Java code, j=interpreted, Vv=VM code, C=native code)
V  [jvm.dll+0x7c2709]  (no source info available)
V  [jvm.dll+0x78bdfd]  (no source info available)
V  [jvm.dll+0xa10353]  (no source info available)
V  [jvm.dll+0xa12b4c]  (no source info available)
V  [jvm.dll+0xa13243]  (no source info available)
V  [jvm.dll+0x308006]  (no source info available)
V  [jvm.dll+0x7be915]  (no source info available)
V  [jvm.dll+0x7b18c7]  (no source info available)
V  [jvm.dll+0x40211e]  (no source info available)
V  [jvm.dll+0x409f3b]  (no source info available)
V  [jvm.dll+0x3f6779]  (no source info available)
V  [jvm.dll+0x3f6a2b]  (no source info available)
V  [jvm.dll+0x3cca63]  (no source info available)
V  [jvm.dll+0x3cd6ce]  (no source info available)
V  [jvm.dll+0x9d66c7]  (no source info available)
V  [jvm.dll+0x467862]  (no source info available)
V  [jvm.dll+0x9b9df9]  (no source info available)
V  [jvm.dll+0x509c91]  (no source info available)
V  [jvm.dll+0x50b601]  (no source info available)
C  [jli.dll+0x5422]  (no source info available)
C  [ucrtbase.dll+0x21542]  (no source info available)
C  [KERNEL32.DLL+0x16fd4]  (no source info available)
C  [ntdll.dll+0x4cec1]  (no source info available)

Lock stack of current Java thread (top to bottom):


---------------  P R O C E S S  ---------------

Threads class SMR info:
_java_thread_list=0x00007ffc68afc108, length=0, elements={
}

Java Threads: ( => current thread )
Total: 0

Other Threads:
  0x0000011a02529130 WorkerThread "GC Thread#0"                     [id=8432, stack(0x0000000b5ac00000,0x0000000b5ad00000) (1024K)]
  0x0000011a02542080 ConcurrentGCThread "G1 Main Marker"            [id=5348, stack(0x0000000b5ad00000,0x0000000b5ae00000) (1024K)]
  0x0000011a025459c0 WorkerThread "G1 Conc#0"                       [id=3752, stack(0x0000000b5ae00000,0x0000000b5af00000) (1024K)]

[error occurred during error reporting (printing all threads), id 0xc0000005, EXCEPTION_ACCESS_VIOLATION (0xc0000005) at pc=0x00007ffc6811183a]
VM state: not at safepoint (not fully initialized)

VM Mutex/Monitor currently owned by a thread:  ([mutex/lock_event])
[0x00007ffc68b85000] Heap_lock - owner thread: 0x0000011a024bd7f0

Heap address: 0x0000000701000000, size: 4080 MB, Compressed Oops mode: Zero based, Oop shift amount: 3

CDS archive(s) mapped at: [0x0000000000000000-0x0000000000000000-0x0000000000000000), size 0, SharedBaseAddress: 0x0000000800000000, ArchiveRelocationMode: 1.
UseCompressedClassPointers 1, UseCompactObjectHeaders 0
Narrow klass pointer bits 32, Max shift 3
Narrow klass base: 0xffffffffffffffff, Narrow klass shift: -1
Encoding Range: [0xffffffffffffffff - 0x000000007fffffff), (2147483648 bytes)
Klass Range:    [0x0000000000000000 - 0x0000000000000000), (0 bytes)
Klass ID Range:  [4294967295 - 0) (1)
No protection zone.

GC Precious Log:
 CardTable entry size: 512
 Card Set container configuration: InlinePtr #cards 4 size 8 Array Of Cards #cards 16 size 48 Howl #buckets 8 coarsen threshold 3686 Howl Bitmap #cards 512 size 80 coarsen threshold 460 Card regions per heap region 1 cards per card region 4096

Heap:
 garbage-first heap   total reserved 4177920K, committed 0K, used 0K [0x0000000701000000, 0x0000000800000000)
  region size 2048K, 0 young (0K), 0 survivors (0K)

Heap Regions: E=young(eden), S=young(survivor), O=old, HS=humongous(starts), HC=humongous(continues), CS=collection set, F=free, TAMS=top-at-mark-start, PB=parsable bottom

Card table byte_map: [0x0000011a160f0000,0x0000011a168f0000] _byte_map_base: 0x0000011a128e8000

Marking Bits: (CMBitMap*) 0x0000011a025298c0
 Bits: [0x0000011a168f0000, 0x0000011a1a8b0000)

GC Heap Usage History (0 events):
No events

Metaspace Usage History (0 events):
No events

Dll operation events (1 events):
Event: 0.061 Loaded shared library C:\Program Files\JetBrains\IntelliJ IDEA 2026.1.3\jbr\bin\java.dll

Deoptimization events (0 events):
No events

Classes loaded (0 events):
No events

Classes unloaded (0 events):
No events

Classes redefined (0 events):
No events

Internal exceptions (0 events):
No events

VM Operations (0 events):
No events

Memory protections (0 events):
No events

Nmethod flushes (0 events):
No events

Events (0 events):
No events


Dynamic libraries:
0x00007ff6e82a0000 - 0x00007ff6e82aa000 	C:\Program Files\JetBrains\IntelliJ IDEA 2026.1.3\jbr\bin\java.exe
0x00007ffd0ead0000 - 0x00007ffd0ecc4000 	C:\Windows\SYSTEM32\ntdll.dll
0x00007ffd0e5e0000 - 0x00007ffd0e69d000 	C:\Windows\System32\KERNEL32.DLL
0x00007ffd0c410000 - 0x00007ffd0c6d7000 	C:\Windows\System32\KERNELBASE.dll
0x00007ffd0c730000 - 0x00007ffd0c830000 	C:\Windows\System32\ucrtbase.dll
0x00007ffcf38e0000 - 0x00007ffcf38f7000 	C:\Program Files\JetBrains\IntelliJ IDEA 2026.1.3\jbr\bin\jli.dll
0x00007ffd0db20000 - 0x00007ffd0dcc0000 	C:\Windows\System32\USER32.dll
0x00007ffd0c8d0000 - 0x00007ffd0c8f2000 	C:\Windows\System32\win32u.dll
0x00007ffd0e5b0000 - 0x00007ffd0e5da000 	C:\Windows\System32\GDI32.dll
0x00007ffd0c300000 - 0x00007ffd0c40a000 	C:\Windows\System32\gdi32full.dll
0x00007ffd0c830000 - 0x00007ffd0c8cd000 	C:\Windows\System32\msvcp_win.dll
0x00007ffd07ea0000 - 0x00007ffd07ebe000 	C:\Program Files\JetBrains\IntelliJ IDEA 2026.1.3\jbr\bin\VCRUNTIME140.dll
0x00007ffcf72f0000 - 0x00007ffcf758a000 	C:\Windows\WinSxS\amd64_microsoft.windows.common-controls_6595b64144ccf1df_6.0.19041.1_none_b555e41d4684ddec\COMCTL32.dll
0x00007ffd0e510000 - 0x00007ffd0e5ae000 	C:\Windows\System32\msvcrt.dll
0x00007ffd0d600000 - 0x00007ffd0d630000 	C:\Windows\System32\IMM32.DLL
0x00007ffd07e80000 - 0x00007ffd07e8c000 	C:\Program Files\JetBrains\IntelliJ IDEA 2026.1.3\jbr\bin\vcruntime140_1.dll
0x00007ffceaec0000 - 0x00007ffceaf49000 	C:\Program Files\JetBrains\IntelliJ IDEA 2026.1.3\jbr\bin\msvcp140.dll
0x00007ffc67d30000 - 0x00007ffc68c85000 	C:\Program Files\JetBrains\IntelliJ IDEA 2026.1.3\jbr\bin\server\jvm.dll
0x00007ffd0d880000 - 0x00007ffd0d92a000 	C:\Windows\System32\ADVAPI32.dll
0x00007ffd0e990000 - 0x00007ffd0ea2b000 	C:\Windows\System32\sechost.dll
0x00007ffd0d4d0000 - 0x00007ffd0d5f3000 	C:\Windows\System32\RPCRT4.dll
0x00007ffd0da00000 - 0x00007ffd0da6b000 	C:\Windows\System32\WS2_32.dll
0x00007ffd0c090000 - 0x00007ffd0c0db000 	C:\Windows\SYSTEM32\POWRPROF.dll
0x00007ffcfd240000 - 0x00007ffcfd267000 	C:\Windows\SYSTEM32\WINMM.dll
0x00007ffd04320000 - 0x00007ffd0432a000 	C:\Windows\SYSTEM32\VERSION.dll
0x00007ffd0c070000 - 0x00007ffd0c082000 	C:\Windows\SYSTEM32\UMPDC.dll
0x00007ffd0a1d0000 - 0x00007ffd0a1e3000 	C:\Windows\SYSTEM32\kernel.appcore.dll
0x00007ffd07cd0000 - 0x00007ffd07cda000 	C:\Program Files\JetBrains\IntelliJ IDEA 2026.1.3\jbr\bin\jimage.dll
0x00007ffd057d0000 - 0x00007ffd059b4000 	C:\Windows\SYSTEM32\DBGHELP.DLL
0x00007ffcf17a0000 - 0x00007ffcf17cc000 	C:\Windows\SYSTEM32\dbgcore.DLL
0x00007ffd0cac0000 - 0x00007ffd0cb3f000 	C:\Windows\System32\bcryptPrimitives.dll
0x00007ffd07cb0000 - 0x00007ffd07ccf000 	C:\Program Files\JetBrains\IntelliJ IDEA 2026.1.3\jbr\bin\java.dll
0x00007ffd0d630000 - 0x00007ffd0d759000 	C:\Windows\System32\ole32.dll
0x00007ffd0d0e0000 - 0x00007ffd0d433000 	C:\Windows\System32\combase.dll
0x00007ffd0ddd0000 - 0x00007ffd0e505000 	C:\Windows\System32\SHELL32.dll

JVMTI agents: none

dbghelp: loaded successfully - version: 4.0.5 - missing functions: none
symbol engine: initialized successfully - sym options: 0x614 - pdb path: .;C:\Program Files\JetBrains\IntelliJ IDEA 2026.1.3\jbr\bin;C:\Windows\SYSTEM32;C:\Windows\WinSxS\amd64_microsoft.windows.common-controls_6595b64144ccf1df_6.0.19041.1_none_b555e41d4684ddec;C:\Program Files\JetBrains\IntelliJ IDEA 2026.1.3\jbr\bin\server

VM Arguments:
java_command: git4idea.http.GitAskPassApp Username for 'https://github.com': 
java_class_path (initial): C:/Program Files/JetBrains/IntelliJ IDEA 2026.1.3/plugins/vcs-git/lib/git4idea-rt.jar;C:/Program Files/JetBrains/IntelliJ IDEA 2026.1.3/lib/externalProcess-rt.jar
Launcher Type: SUN_STANDARD

[Global flags]
     intx CICompilerCount                          = 3                                         {product} {ergonomic}
     uint ConcGCThreads                            = 1                                         {product} {ergonomic}
     uint G1ConcRefinementThreads                  = 4                                         {product} {ergonomic}
   size_t G1HeapRegionSize                         = 2097152                                   {product} {ergonomic}
   size_t InitialHeapSize                          = 268435456                                 {product} {ergonomic}
   size_t MarkStackSize                            = 4194304                                   {product} {ergonomic}
   size_t MarkStackSizeMax                         = 536870912                                 {product} {ergonomic}
   size_t MaxHeapSize                              = 4278190080                                {product} {ergonomic}
   size_t MinHeapDeltaBytes                        = 2097152                                   {product} {ergonomic}
   size_t MinHeapSize                              = 8388608                                   {product} {ergonomic}
    uintx NonNMethodCodeHeapSize                   = 5898240                                {pd product} {ergonomic}
    uintx NonProfiledCodeHeapSize                  = 122945536                              {pd product} {ergonomic}
    uintx ProfiledCodeHeapSize                     = 122945536                              {pd product} {ergonomic}
    uintx ReservedCodeCacheSize                    = 251789312                              {pd product} {ergonomic}
     bool SegmentedCodeCache                       = true                                      {product} {ergonomic}
   size_t SoftMaxHeapSize                          = 4278190080                             {manageable} {ergonomic}
     bool UseCompressedOops                        = true                           {product lp64_product} {ergonomic}
     bool UseG1GC                                  = true                                      {product} {ergonomic}
     bool UseLargePagesIndividualAllocation        = false                                  {pd product} {ergonomic}

Logging:
Log output configuration:
 #0: stdout all=warning uptime,level,tags foldmultilines=false
 #1: stderr all=off uptime,level,tags foldmultilines=false

Release file:
<release file has not been read>
Environment Variables:
PATH=C:/Program Files/Git/mingw64/libexec/git-core;C:/Program Files/Git/mingw64/libexec/git-core;C:\Program Files\Git\mingw64\bin;C:\Program Files\Git\usr\bin;C:\Users\настя\bin;C:\Program Files\Common Files\Oracle\Java\javapath;C:\Program Files (x86)\Common Files\Oracle\Java\java8path;C:\Program Files (x86)\Common Files\Oracle\Java\javapath;C:\Program Files\Microsoft\jdk-11.0.16.101-hotspot\bin;C:\Windows\system32;C:\Windows;C:\Windows\System32\Wbem;C:\Windows\System32\WindowsPowerShell\v1.0\;C:\Windows\System32\OpenSSH\;C:\Program Files (x86)\Intel\Intel(R) Management Engine Components\DAL;C:\Program Files\Intel\Intel(R) Management Engine Components\DAL;C:\Program Files (x86)\Common Files\Autodesk Shared\;C:\Program Files\Common Files\Autodesk Shared\;C:\Program Files (x86)\Autodesk\Backburner\;C:\Program Files (x86)\dotnet\;C:\Program Files\Microsoft SQL Server\150\Tools\Binn\;C:\Program Files (x86)\Windows Kits\10\Windows Performance Toolkit\;C:\Program Files\dotnet\;C:\Program Files\WireGuard\;C:\Program Files\Git\cmd;C:\Users\настя\AppData\Local\Microsoft\WindowsApps;C:\Users\настя\AppData\Local\Programs\Microsoft VS Code\bin;C:\Users\настя\AppData\Local\GitHubDesktop\bin
USERNAME=настя
DISPLAY=:0.0
LC_ALL=en_US.UTF-8
TERM=xterm-256color
TMPDIR=C:\Users\5194~1\AppData\Local\Temp
OS=Windows_NT
PROCESSOR_IDENTIFIER=Intel64 Family 6 Model 158 Stepping 10, GenuineIntel
TMP=C:\Users\5194~1\AppData\Local\Temp
TEMP=C:\Users\5194~1\AppData\Local\Temp




Compilation memory statistics disabled.

Periodic native trim disabled

JNI global refs:
JNI global refs: 0, weak refs: 0

JNI global refs memory usage: 0, weak refs: 0

Process memory usage:
Resident Set Size: 11840K (0% of 16708808K total physical memory with 5939748K free physical memory)

OOME stack traces (most recent first):
Classloader memory used:

---------------  S Y S T E M  ---------------

OS:
 Windows 10 , 64 bit Build 19041 (10.0.19041.292)
OS uptime: 0 days 1:02 hours

CPU: total 4 (initial active 4) (4 cores per cpu, 1 threads per core) family 6 model 158 stepping 10 microcode 0xd6, cx8, cmov, fxsr, mmx, 3dnowpref, sse, sse2, sse3, ssse3, sse4.1, sse4.2, popcnt, lzcnt, tsc, tscinvbit, avx, avx2, aes, erms, clmul, bmi1, bmi2, adx, fma, vzeroupper, clflush, clflushopt, rdtscp, f16c
Processor Information for the first 4 processors :
  Max Mhz: 3600, Current Mhz: 3600, Mhz Limit: 3600

Memory: 4k page, system-wide physical 16317M (5800M free)
TotalPageFile size 18365M (AvailPageFile size 66M)
current process WorkingSet (physical memory assigned to process): 11M, peak: 11M
current process commit charge ("private bytes"): 52M, peak: 308M

vm_info: OpenJDK 64-Bit Server VM (25.0.3+1-b329.124) for windows-amd64 JRE (25.0.3+1-b329.124), built on 2026-04-30 with MS VC++ 17.14 (VS2022)

END.
